// Jest Snapshot v1, https://goo.gl/fbAQLP

exports[`OfferCardView is rendered correctly 1`] = `
<article
  className="cities__place-card place-card"
  onMouseEnter={[Function]}
  onMouseLeave={[Function]}
>
  
  <a
    href="/offer/1"
    onClick={[Function]}
  >
    <div
      className="cities__image-wrapper place-card__image-wrapper"
    >
      <img
        alt="Place image"
        className="place-card__image"
        height="200"
        src="https://assets.htmlacademy.ru/intensives/javascript-3/hotel/15.jpg"
        width="260"
      />
    </div>
  </a>
  <div
    className="place-card__info"
  >
    <div
      className="place-card__price-wrapper"
    >
      <div
        className="place-card__price"
      >
        <b
          className="place-card__price-value"
        >
          €
          493
        </b>
        <span
          className="place-card__price-text"
        >
          / night
        </span>
      </div>
      <button
        className="place-card__bookmark-button button"
        onClick={[Function]}
        type="button"
      >
        <svg
          className="place-card__bookmark-icon"
          height="19"
          width="18"
        >
          <use
            xlinkHref="#icon-bookmark"
          />
        </svg>
        <span
          className="visually-hidden"
        >
          To bookmarks
        </span>
      </button>
    </div>
    <div
      className="place-card__rating rating"
    >
      <div
        className="place-card__stars rating__stars"
      >
        <span
          style={
            Object {
              "width": "80%",
            }
          }
        />
        <span
          className="visually-hidden"
        >
          Rating
        </span>
      </div>
    </div>
    <a
      href="/offer/1"
      onClick={[Function]}
    >
      <h2
        className="place-card__name"
      >
        The house among olive 
      </h2>
    </a>
    <p
      className="place-card__type"
    >
      House
    </p>
  </div>
</article>
`;
