// Jest Snapshot v1, https://goo.gl/fbAQLP

exports[`Comment is rendered correctly 1`] = `
<li
  className="reviews__item"
>
  <div
    className="reviews__user user"
  >
    <div
      className="reviews__avatar-wrapper user__avatar-wrapper"
    >
      <img
        alt="Reviews avatar"
        className="reviews__avatar user__avatar"
        height="54"
        src="avatar url"
        width="54"
      />
    </div>
    <span
      className="reviews__user-name"
    >
      Alex
    </span>
  </div>
  <div
    className="reviews__info"
  >
    <div
      className="reviews__rating rating"
    >
      <div
        className="reviews__stars rating__stars"
      >
        <span
          style={
            Object {
              "width": "60%",
            }
          }
        />
        <span
          className="visually-hidden"
        >
          Rating
        </span>
      </div>
    </div>
    <p
      className="reviews__text"
    >
      hello it is comment
    </p>
    <time
      className="reviews__time"
      dateTime="2020-11-24"
    >
      November 2020
    </time>
  </div>
</li>
`;
